[     273ms] [ERROR] Failed to load resource: the server responded with a status of 500 (Internal Server Error) @ http://localhost:3000/?look=whimsigoth:0
[     366ms] [INFO] %cDownload the React DevTools for a better development experience: https://react.dev/link/react-devtools font-weight:bold @ http://localhost:3000/_next/static/chunks/node_modules_next_dist_1e8vcs8._.js:776
[     450ms] [LOG] [HMR] connected @ http://localhost:3000/_next/static/chunks/node_modules_next_dist_1e8vcs8._.js:776
[     476ms] [LOG] %c%s%c prisma:error background: #e6e6e6;background: light-dark(rgba(0,0,0,0.1), rgba(255,255,255,0.25));color: #000000;color: light-dark(#000000, #ffffff);border-radius: 2px  Server   
Invalid `prisma.edit.findMany()` invocation:

{
  where: {
    userId: "698fce8c-c7ba-4370-9b76-b502c6aecbb3"
  },
  orderBy: {
    createdAt: "asc"
  },
  include: {
    items: {
      orderBy: {
        addedAt: "asc"
      },
      select: {
        productId: true,
        product: {
          select: {
            colorHex: true,
            imageUrl: true,
            bgHex: true,
            ~~~~~
?           id?: true,
?           slug?: true,
?           title?: true,
?           category?: true,
?           slot?: true,
?           price?: true,
?           wasPrice?: true,
?           colorName?: true,
?           colorToken?: true,
?           line?: true,
?           why?: true,
?           productUrl?: true,
?           inStock?: true,
?           createdAt?: true,
?           updatedAt?: true,
?           brandId?: true,
?           aestheticId?: true,
?           trendingRank?: true,
?           brand?: true,
?           aesthetic?: true,
?           savedItems?: true,
?           outfitItems?: true,
?           _count?: true
          }
        }
      }
    }
  }
}

Unknown field `bgHex` for select statement on model `Product`. Available options are marked with ?. @ http://localhost:3000/_next/static/chunks/node_modules_next_dist_1e8vcs8._.js:776
[     603ms] PrismaClientValidationError: 
Invalid `prisma.edit.findMany()` invocation:

{
  where: {
    userId: "698fce8c-c7ba-4370-9b76-b502c6aecbb3"
  },
  orderBy: {
    createdAt: "asc"
  },
  include: {
    items: {
      orderBy: {
        addedAt: "asc"
      },
      select: {
        productId: true,
        product: {
          select: {
            colorHex: true,
            imageUrl: true,
            bgHex: true,
            ~~~~~
?           id?: true,
?           slug?: true,
?           title?: true,
?           category?: true,
?           slot?: true,
?           price?: true,
?           wasPrice?: true,
?           colorName?: true,
?           colorToken?: true,
?           line?: true,
?           why?: true,
?           productUrl?: true,
?           inStock?: true,
?           createdAt?: true,
?           updatedAt?: true,
?           brandId?: true,
?           aestheticId?: true,
?           trendingRank?: true,
?           brand?: true,
?           aesthetic?: true,
?           savedItems?: true,
?           outfitItems?: true,
?           _count?: true
          }
        }
      }
    }
  }
}

Unknown field `bgHex` for select statement on model `Product`. Available options are marked with ?.
    at  getEdits (about://React/Server/file:///Users/Home/Development/App_Building/the-edit/.next/dev/server/chunks/ssr/%255Broot-of-the-server%255D__0p_s3nm._.js?id=%255Bproject%255D/lib/data.ts+%255Bapp-rsc%255D+(ecmascript)?0:386:18)
    at  FeedPage (about://React/Server/file:///Users/Home/Development/App_Building/the-edit/.next/dev/server/chunks/ssr/%5Broot-of-the-server%5D__1wlorgw._.js?1:49:42)
    at resolveErrorDev (http://localhost:3000/_next/static/chunks/node_modules_next_dist_compiled_react-server-dom-turbopack_164kp-6._.js:1937:105)
    at processFullStringRow (http://localhost:3000/_next/static/chunks/node_modules_next_dist_compiled_react-server-dom-turbopack_164kp-6._.js:2456:29)
    at processFullBinaryRow (http://localhost:3000/_next/static/chunks/node_modules_next_dist_compiled_react-server-dom-turbopack_164kp-6._.js:2415:9)
    at processBinaryChunk (http://localhost:3000/_next/static/chunks/node_modules_next_dist_compiled_react-server-dom-turbopack_164kp-6._.js:2524:221)
    at progress (http://localhost:3000/_next/static/chunks/node_modules_next_dist_compiled_react-server-dom-turbopack_164kp-6._.js:2711:13)
[    3658ms] [WARNING] The resource http://localhost:3000/_next/static/chunks/components_1kr61hk._.css was preloaded using link preload but not used within a few seconds from the window's load event. Please make sure it has an appropriate `as` value and it is preloaded intentionally. @ http://localhost:3000/?look=whimsigoth:0
[   86668ms] [ERROR] WebSocket connection to 'ws://localhost:3000/_next/hmr?id=QY0xjHRwUbfvzVlHdePuW' failed: Error in connection establishment: net::ERR_CONNECTION_REFUSED @ http://localhost:3000/_next/static/chunks/node_modules_next_dist_client_0_90u2t._.js:16229
[   87678ms] [ERROR] WebSocket connection to 'ws://localhost:3000/_next/hmr?id=QY0xjHRwUbfvzVlHdePuW' failed: Error in connection establishment: net::ERR_CONNECTION_REFUSED @ http://localhost:3000/_next/static/chunks/node_modules_next_dist_client_0_90u2t._.js:16229
[   88681ms] [ERROR] WebSocket connection to 'ws://localhost:3000/_next/hmr?id=QY0xjHRwUbfvzVlHdePuW' failed: Error in connection establishment: net::ERR_CONNECTION_REFUSED @ http://localhost:3000/_next/static/chunks/node_modules_next_dist_client_0_90u2t._.js:16229
[   89685ms] [ERROR] WebSocket connection to 'ws://localhost:3000/_next/hmr?id=QY0xjHRwUbfvzVlHdePuW' failed: Error in connection establishment: net::ERR_CONNECTION_REFUSED @ http://localhost:3000/_next/static/chunks/node_modules_next_dist_client_0_90u2t._.js:16229
[   90691ms] [ERROR] WebSocket connection to 'ws://localhost:3000/_next/hmr?id=QY0xjHRwUbfvzVlHdePuW' failed: Error in connection establishment: net::ERR_CONNECTION_REFUSED @ http://localhost:3000/_next/static/chunks/node_modules_next_dist_client_0_90u2t._.js:16229
[   95698ms] [ERROR] WebSocket connection to 'ws://localhost:3000/_next/hmr?id=QY0xjHRwUbfvzVlHdePuW' failed: Error in connection establishment: net::ERR_CONNECTION_REFUSED @ http://localhost:3000/_next/static/chunks/node_modules_next_dist_client_0_90u2t._.js:16229
[  100703ms] [ERROR] WebSocket connection to 'ws://localhost:3000/_next/hmr?id=QY0xjHRwUbfvzVlHdePuW' failed: Error in connection establishment: net::ERR_CONNECTION_REFUSED @ http://localhost:3000/_next/static/chunks/node_modules_next_dist_client_0_90u2t._.js:16229
[  105706ms] [ERROR] WebSocket connection to 'ws://localhost:3000/_next/hmr?id=QY0xjHRwUbfvzVlHdePuW' failed: Error in connection establishment: net::ERR_CONNECTION_REFUSED @ http://localhost:3000/_next/static/chunks/node_modules_next_dist_client_0_90u2t._.js:16229
[  110721ms] [LOG] [HMR] connected @ http://localhost:3000/_next/static/chunks/node_modules_next_dist_1e8vcs8._.js:776
[  112002ms] [INFO] %cDownload the React DevTools for a better development experience: https://react.dev/link/react-devtools font-weight:bold @ http://localhost:3000/_next/static/chunks/node_modules_next_dist_1e8vcs8._.js:776
[  112027ms] [LOG] [HMR] connected @ http://localhost:3000/_next/static/chunks/node_modules_next_dist_1e8vcs8._.js:776
[  112127ms] [WARNING] Image with src "https://cdn.shopify.com/s/files/1/0228/2373/files/BATTYBLAZECARDIGAN-B.jpg?v=1760106711&width=400" was detected as the Largest Contentful Paint (LCP). Please add the `loading="eager"` property if this image is above the fold.
Read more: https://nextjs.org/docs/app/api-reference/components/image#loading @ http://localhost:3000/_next/static/chunks/node_modules_next_dist_1e8vcs8._.js:776
[  112149ms] [WARNING] Image with src "https://cdn.shopify.com/s/files/1/0228/2373/files/ARDINEA-LEGGINGS-W-D.jpg?v=1707128371&width=400" was detected as the Largest Contentful Paint (LCP). Please add the `loading="eager"` property if this image is above the fold.
Read more: https://nextjs.org/docs/app/api-reference/components/image#loading @ http://localhost:3000/_next/static/chunks/node_modules_next_dist_1e8vcs8._.js:776
[  112157ms] [WARNING] Image with src "https://cdn.shopify.com/s/files/1/0228/2373/files/ALL-CAUGHT-UP-FISHNET-LEGGINGS-W-B_aeb8c72e-5ba9-4239-9be8-25611726bacf.jpg?v=1778833688&width=400" was detected as the Largest Contentful Paint (LCP). Please add the `loading="eager"` property if this image is above the fold.
Read more: https://nextjs.org/docs/app/api-reference/components/image#loading @ http://localhost:3000/_next/static/chunks/node_modules_next_dist_1e8vcs8._.js:776
