[      96ms] [ERROR] ./app/actions.ts:267:17
Error: Server Actions must be async functions.
  265 | export const CEILINGS: (number | null)[] = [150, 300, 500, null];
  266 |
> 267 | export function ceilingLabel(value: number | null): string {
      |                 ^^^^^^^^^^^^
  268 |   return value === null ? "No ceiling" : `$${value}`;
  269 | }
  270 |

Ecmascript file had an error @ http://localhost:3000/_next/static/chunks/node_modules_next_dist_1e8vcs8._.js:1052
[      97ms] [ERROR] ./components/screens/BoardsScreen.tsx:6:1
Error: Export ceilingLabel doesn't exist in target module
  4 | import { useState } from "react";
  5 | import type { CSSProperties } from "react";
> 6 | import { CEILINGS, ceilingLabel, setPriceCeiling } from "@/app/actions";
    | ^^^^^^^^^^^^^^^^^^^^^^^^^^^^^^^^^^^^^^^^^^^^^^^^^^^^^^^^^^^^^^^^^^^^^^^^
  7 | import type { EditView } from "@/lib/data";
  8 | import { thumbBackground } from "@/lib/images";
  9 | import Avatar from "../Avatar";

The export ceilingLabel was not found in module [project]/app/actions.ts [app-client] (ecmascript).
Did you mean to import completeOnboarding?
All exports of the module are statically known (It doesn't have dynamic exports). So it's known statically that the requested export doesn't exist.

Import trace:
  Server Component:
    ./components/screens/BoardsScreen.tsx
    ./app/boards/page.tsx @ http://localhost:3000/_next/static/chunks/node_modules_next_dist_1e8vcs8._.js:1052
[      97ms] [ERROR] ./components/screens/BoardsScreen.tsx:6:1
Error: Export ceilingLabel doesn't exist in target module
  4 | import { useState } from "react";
  5 | import type { CSSProperties } from "react";
> 6 | import { CEILINGS, ceilingLabel, setPriceCeiling } from "@/app/actions";
    | ^^^^^^^^^^^^^^^^^^^^^^^^^^^^^^^^^^^^^^^^^^^^^^^^^^^^^^^^^^^^^^^^^^^^^^^^
  7 | import type { EditView } from "@/lib/data";
  8 | import { thumbBackground } from "@/lib/images";
  9 | import Avatar from "../Avatar";

The export ceilingLabel was not found in module [project]/app/actions.ts [app-ssr] (ecmascript).
Did you mean to import completeOnboarding?
All exports of the module are statically known (It doesn't have dynamic exports). So it's known statically that the requested export doesn't exist.

Import trace:
  Server Component:
    ./components/screens/BoardsScreen.tsx
    ./app/boards/page.tsx @ http://localhost:3000/_next/static/chunks/node_modules_next_dist_1e8vcs8._.js:1052
[      97ms] [ERROR] ./components/screens/OnboardingScreen.tsx:6:1
Error: Export ceilingLabel doesn't exist in target module
  4 | import { useRouter } from "next/navigation";
  5 | import type { CSSProperties } from "react";
> 6 | import { CEILINGS, ceilingLabel, completeOnboarding } from "@/app/actions";
    | ^^^^^^^^^^^^^^^^^^^^^^^^^^^^^^^^^^^^^^^^^^^^^^^^^^^^^^^^^^^^^^^^^^^^^^^^^^^
  7 | import type { AestheticView, PaletteEntry } from "@/lib/data";
  8 | import Button from "../Button";
  9 | import Chip from "../Chip";

The export ceilingLabel was not found in module [project]/app/actions.ts [app-client] (ecmascript).
Did you mean to import completeOnboarding?
All exports of the module are statically known (It doesn't have dynamic exports). So it's known statically that the requested export doesn't exist.

Import trace:
  Server Component:
    ./components/screens/OnboardingScreen.tsx
    ./app/welcome/page.tsx @ http://localhost:3000/_next/static/chunks/node_modules_next_dist_1e8vcs8._.js:1052
[      97ms] [ERROR] ./components/screens/OnboardingScreen.tsx:6:1
Error: Export ceilingLabel doesn't exist in target module
  4 | import { useRouter } from "next/navigation";
  5 | import type { CSSProperties } from "react";
> 6 | import { CEILINGS, ceilingLabel, completeOnboarding } from "@/app/actions";
    | ^^^^^^^^^^^^^^^^^^^^^^^^^^^^^^^^^^^^^^^^^^^^^^^^^^^^^^^^^^^^^^^^^^^^^^^^^^^
  7 | import type { AestheticView, PaletteEntry } from "@/lib/data";
  8 | import Button from "../Button";
  9 | import Chip from "../Chip";

The export ceilingLabel was not found in module [project]/app/actions.ts [app-ssr] (ecmascript).
Did you mean to import completeOnboarding?
All exports of the module are statically known (It doesn't have dynamic exports). So it's known statically that the requested export doesn't exist.

Import trace:
  Server Component:
    ./components/screens/OnboardingScreen.tsx
    ./app/welcome/page.tsx @ http://localhost:3000/_next/static/chunks/node_modules_next_dist_1e8vcs8._.js:1052
[     294ms] [LOG] [Fast Refresh] rebuilding @ http://localhost:3000/_next/static/chunks/node_modules_next_dist_1e8vcs8._.js:776
[     465ms] [ERROR] ./app/actions.ts:267:17
Error: Server Actions must be async functions.
  265 | export const CEILINGS: (number | null)[] = [150, 300, 500, null];
  266 |
> 267 | export function ceilingLabel(value: number | null): string {
      |                 ^^^^^^^^^^^^
  268 |   return value === null ? "No ceiling" : `$${value}`;
  269 | }
  270 |

Ecmascript file had an error @ http://localhost:3000/_next/static/chunks/node_modules_next_dist_1e8vcs8._.js:1052
[     465ms] [ERROR] ./components/screens/BoardsScreen.tsx:6:1
Error: Export ceilingLabel doesn't exist in target module
  4 | import { useState } from "react";
  5 | import type { CSSProperties } from "react";
> 6 | import { CEILINGS, ceilingLabel, setPriceCeiling } from "@/app/actions";
    | ^^^^^^^^^^^^^^^^^^^^^^^^^^^^^^^^^^^^^^^^^^^^^^^^^^^^^^^^^^^^^^^^^^^^^^^^
  7 | import type { EditView } from "@/lib/data";
  8 | import { thumbBackground } from "@/lib/images";
  9 | import Avatar from "../Avatar";

The export ceilingLabel was not found in module [project]/app/actions.ts [app-client] (ecmascript).
Did you mean to import completeOnboarding?
All exports of the module are statically known (It doesn't have dynamic exports). So it's known statically that the requested export doesn't exist.

Import trace:
  Server Component:
    ./components/screens/BoardsScreen.tsx
    ./app/boards/page.tsx @ http://localhost:3000/_next/static/chunks/node_modules_next_dist_1e8vcs8._.js:1052
[     465ms] [ERROR] ./components/screens/BoardsScreen.tsx:6:1
Error: Export ceilingLabel doesn't exist in target module
  4 | import { useState } from "react";
  5 | import type { CSSProperties } from "react";
> 6 | import { CEILINGS, ceilingLabel, setPriceCeiling } from "@/app/actions";
    | ^^^^^^^^^^^^^^^^^^^^^^^^^^^^^^^^^^^^^^^^^^^^^^^^^^^^^^^^^^^^^^^^^^^^^^^^
  7 | import type { EditView } from "@/lib/data";
  8 | import { thumbBackground } from "@/lib/images";
  9 | import Avatar from "../Avatar";

The export ceilingLabel was not found in module [project]/app/actions.ts [app-ssr] (ecmascript).
Did you mean to import completeOnboarding?
All exports of the module are statically known (It doesn't have dynamic exports). So it's known statically that the requested export doesn't exist.

Import trace:
  Server Component:
    ./components/screens/BoardsScreen.tsx
    ./app/boards/page.tsx @ http://localhost:3000/_next/static/chunks/node_modules_next_dist_1e8vcs8._.js:1052
[     465ms] [ERROR] ./components/screens/OnboardingScreen.tsx:6:1
Error: Export ceilingLabel doesn't exist in target module
  4 | import { useRouter } from "next/navigation";
  5 | import type { CSSProperties } from "react";
> 6 | import { CEILINGS, ceilingLabel, completeOnboarding } from "@/app/actions";
    | ^^^^^^^^^^^^^^^^^^^^^^^^^^^^^^^^^^^^^^^^^^^^^^^^^^^^^^^^^^^^^^^^^^^^^^^^^^^
  7 | import type { AestheticView, PaletteEntry } from "@/lib/data";
  8 | import Button from "../Button";
  9 | import Chip from "../Chip";

The export ceilingLabel was not found in module [project]/app/actions.ts [app-client] (ecmascript).
Did you mean to import completeOnboarding?
All exports of the module are statically known (It doesn't have dynamic exports). So it's known statically that the requested export doesn't exist.

Import trace:
  Server Component:
    ./components/screens/OnboardingScreen.tsx
    ./app/welcome/page.tsx @ http://localhost:3000/_next/static/chunks/node_modules_next_dist_1e8vcs8._.js:1052
[     465ms] [ERROR] ./components/screens/OnboardingScreen.tsx:6:1
Error: Export ceilingLabel doesn't exist in target module
  4 | import { useRouter } from "next/navigation";
  5 | import type { CSSProperties } from "react";
> 6 | import { CEILINGS, ceilingLabel, completeOnboarding } from "@/app/actions";
    | ^^^^^^^^^^^^^^^^^^^^^^^^^^^^^^^^^^^^^^^^^^^^^^^^^^^^^^^^^^^^^^^^^^^^^^^^^^^
  7 | import type { AestheticView, PaletteEntry } from "@/lib/data";
  8 | import Button from "../Button";
  9 | import Chip from "../Chip";

The export ceilingLabel was not found in module [project]/app/actions.ts [app-ssr] (ecmascript).
Did you mean to import completeOnboarding?
All exports of the module are statically known (It doesn't have dynamic exports). So it's known statically that the requested export doesn't exist.

Import trace:
  Server Component:
    ./components/screens/OnboardingScreen.tsx
    ./app/welcome/page.tsx @ http://localhost:3000/_next/static/chunks/node_modules_next_dist_1e8vcs8._.js:1052
[     666ms] [LOG] [Fast Refresh] rebuilding @ http://localhost:3000/_next/static/chunks/node_modules_next_dist_1e8vcs8._.js:776
[     737ms] [ERROR] ./app/actions.ts:267:17
Error: Server Actions must be async functions.
  265 | export const CEILINGS: (number | null)[] = [150, 300, 500, null];
  266 |
> 267 | export function ceilingLabel(value: number | null): string {
      |                 ^^^^^^^^^^^^
  268 |   return value === null ? "No ceiling" : `$${value}`;
  269 | }
  270 |

Ecmascript file had an error @ http://localhost:3000/_next/static/chunks/node_modules_next_dist_1e8vcs8._.js:1052
[     737ms] [ERROR] ./components/screens/BoardsScreen.tsx:6:1
Error: Export ceilingLabel doesn't exist in target module
  4 | import { useState } from "react";
  5 | import type { CSSProperties } from "react";
> 6 | import { CEILINGS, ceilingLabel, setPriceCeiling } from "@/app/actions";
    | ^^^^^^^^^^^^^^^^^^^^^^^^^^^^^^^^^^^^^^^^^^^^^^^^^^^^^^^^^^^^^^^^^^^^^^^^
  7 | import type { EditView } from "@/lib/data";
  8 | import { thumbBackground } from "@/lib/images";
  9 | import Avatar from "../Avatar";

The export ceilingLabel was not found in module [project]/app/actions.ts [app-client] (ecmascript).
Did you mean to import completeOnboarding?
All exports of the module are statically known (It doesn't have dynamic exports). So it's known statically that the requested export doesn't exist.

Import trace:
  Server Component:
    ./components/screens/BoardsScreen.tsx
    ./app/boards/page.tsx @ http://localhost:3000/_next/static/chunks/node_modules_next_dist_1e8vcs8._.js:1052
[     737ms] [ERROR] ./components/screens/BoardsScreen.tsx:6:1
Error: Export ceilingLabel doesn't exist in target module
  4 | import { useState } from "react";
  5 | import type { CSSProperties } from "react";
> 6 | import { CEILINGS, ceilingLabel, setPriceCeiling } from "@/app/actions";
    | ^^^^^^^^^^^^^^^^^^^^^^^^^^^^^^^^^^^^^^^^^^^^^^^^^^^^^^^^^^^^^^^^^^^^^^^^
  7 | import type { EditView } from "@/lib/data";
  8 | import { thumbBackground } from "@/lib/images";
  9 | import Avatar from "../Avatar";

The export ceilingLabel was not found in module [project]/app/actions.ts [app-ssr] (ecmascript).
Did you mean to import completeOnboarding?
All exports of the module are statically known (It doesn't have dynamic exports). So it's known statically that the requested export doesn't exist.

Import trace:
  Server Component:
    ./components/screens/BoardsScreen.tsx
    ./app/boards/page.tsx @ http://localhost:3000/_next/static/chunks/node_modules_next_dist_1e8vcs8._.js:1052
[     737ms] [ERROR] ./components/screens/OnboardingScreen.tsx:6:1
Error: Export ceilingLabel doesn't exist in target module
  4 | import { useRouter } from "next/navigation";
  5 | import type { CSSProperties } from "react";
> 6 | import { CEILINGS, ceilingLabel, completeOnboarding } from "@/app/actions";
    | ^^^^^^^^^^^^^^^^^^^^^^^^^^^^^^^^^^^^^^^^^^^^^^^^^^^^^^^^^^^^^^^^^^^^^^^^^^^
  7 | import type { AestheticView, PaletteEntry } from "@/lib/data";
  8 | import Button from "../Button";
  9 | import Chip from "../Chip";

The export ceilingLabel was not found in module [project]/app/actions.ts [app-client] (ecmascript).
Did you mean to import completeOnboarding?
All exports of the module are statically known (It doesn't have dynamic exports). So it's known statically that the requested export doesn't exist.

Import trace:
  Server Component:
    ./components/screens/OnboardingScreen.tsx
    ./app/welcome/page.tsx @ http://localhost:3000/_next/static/chunks/node_modules_next_dist_1e8vcs8._.js:1052
[     737ms] [ERROR] ./components/screens/OnboardingScreen.tsx:6:1
Error: Export ceilingLabel doesn't exist in target module
  4 | import { useRouter } from "next/navigation";
  5 | import type { CSSProperties } from "react";
> 6 | import { CEILINGS, ceilingLabel, completeOnboarding } from "@/app/actions";
    | ^^^^^^^^^^^^^^^^^^^^^^^^^^^^^^^^^^^^^^^^^^^^^^^^^^^^^^^^^^^^^^^^^^^^^^^^^^^
  7 | import type { AestheticView, PaletteEntry } from "@/lib/data";
  8 | import Button from "../Button";
  9 | import Chip from "../Chip";

The export ceilingLabel was not found in module [project]/app/actions.ts [app-ssr] (ecmascript).
Did you mean to import completeOnboarding?
All exports of the module are statically known (It doesn't have dynamic exports). So it's known statically that the requested export doesn't exist.

Import trace:
  Server Component:
    ./components/screens/OnboardingScreen.tsx
    ./app/welcome/page.tsx @ http://localhost:3000/_next/static/chunks/node_modules_next_dist_1e8vcs8._.js:1052
[     767ms] [ERROR] Failed to load resource: the server responded with a status of 500 (Internal Server Error) @ http://localhost:3000/?look=soft-romance:0
[     849ms] [INFO] %cDownload the React DevTools for a better development experience: https://react.dev/link/react-devtools font-weight:bold @ http://localhost:3000/_next/static/chunks/node_modules_react-dom_0kla17-._.js:15093
[     895ms] Error: ./app/actions.ts:267:17
Error: Server Actions must be async functions.
  265 | export const CEILINGS: (number | null)[] = [150, 300, 500, null];
  266 |
> 267 | export function ceilingLabel(value: number | null): string {
      |                 ^^^^^^^^^^^^
  268 |   return value === null ? "No ceiling" : `$${value}`;
  269 | }
  270 |

Ecmascript file had an error


    at <unknown> (Error: ./app/actions.ts:267:17)
    at Object.getCompilationErrors (file:///Users/Home/Development/App_Building/the-edit/node_modules/next/dist/server/dev/hot-reloader-turbopack.js:1410:59)
    at DevBundlerService.getCompilationError (file:///Users/Home/Development/App_Building/the-edit/node_modules/next/dist/server/lib/dev-bundler-service.js:59:55)
    at DevServer.getCompilationError (file:///Users/Home/Development/App_Building/the-edit/node_modules/next/dist/server/dev/next-dev-server.js:754:42)
    at DevServer.findPageComponents (file:///Users/Home/Development/App_Building/the-edit/node_modules/next/dist/server/dev/next-dev-server.js:724:43)
    at async DevServer.renderErrorToResponseImpl (file:///Users/Home/Development/App_Building/the-edit/node_modules/next/dist/server/base-server.js:1828:26)
[     894ms] [LOG] [HMR] connected @ http://localhost:3000/_next/static/chunks/node_modules_next_dist_1gdrd03._.js:756
[     908ms] [ERROR] ./app/actions.ts:267:17
Error: Server Actions must be async functions.
  265 | export const CEILINGS: (number | null)[] = [150, 300, 500, null];
  266 |
> 267 | export function ceilingLabel(value: number | null): string {
      |                 ^^^^^^^^^^^^
  268 |   return value === null ? "No ceiling" : `$${value}`;
  269 | }
  270 |

Ecmascript file had an error @ http://localhost:3000/_next/static/chunks/node_modules_next_dist_1gdrd03._.js:1817
[     908ms] [ERROR] ./app/actions.ts:267:17
Error: Server Actions must be async functions.
  265 | export const CEILINGS: (number | null)[] = [150, 300, 500, null];
  266 |
> 267 | export function ceilingLabel(value: number | null): string {
      |                 ^^^^^^^^^^^^
  268 |   return value === null ? "No ceiling" : `$${value}`;
  269 | }
  270 |

Ecmascript file had an error @ http://localhost:3000/_next/static/chunks/node_modules_next_dist_1gdrd03._.js:1817
[     909ms] [ERROR] ./app/actions.ts:267:17
Error: Server Actions must be async functions.
  265 | export const CEILINGS: (number | null)[] = [150, 300, 500, null];
  266 |
> 267 | export function ceilingLabel(value: number | null): string {
      |                 ^^^^^^^^^^^^
  268 |   return value === null ? "No ceiling" : `$${value}`;
  269 | }
  270 |

Ecmascript file had an error

Import traces:
  Client Component Browser:
    ./app/actions.ts [Client Component Browser]
    ./components/screens/BoardsScreen.tsx [Client Component Browser]
    ./components/screens/BoardsScreen.tsx [Server Component]
    ./app/boards/page.tsx [Server Component]

  Client Component SSR:
    ./app/actions.ts [Client Component SSR]
    ./components/screens/BoardsScreen.tsx [Client Component SSR]
    ./components/screens/BoardsScreen.tsx [Server Component]
    ./app/boards/page.tsx [Server Component] @ http://localhost:3000/_next/static/chunks/node_modules_next_dist_1gdrd03._.js:1817
[     909ms] [ERROR] ./components/screens/BoardsScreen.tsx:6:1
Error: Export ceilingLabel doesn't exist in target module
  4 | import { useState } from "react";
  5 | import type { CSSProperties } from "react";
> 6 | import { CEILINGS, ceilingLabel, setPriceCeiling } from "@/app/actions";
    | ^^^^^^^^^^^^^^^^^^^^^^^^^^^^^^^^^^^^^^^^^^^^^^^^^^^^^^^^^^^^^^^^^^^^^^^^
  7 | import type { EditView } from "@/lib/data";
  8 | import { thumbBackground } from "@/lib/images";
  9 | import Avatar from "../Avatar";

The export ceilingLabel was not found in module [project]/app/actions.ts [app-client] (ecmascript).
Did you mean to import completeOnboarding?
All exports of the module are statically known (It doesn't have dynamic exports). So it's known statically that the requested export doesn't exist.

Import trace:
  Server Component:
    ./components/screens/BoardsScreen.tsx
    ./app/boards/page.tsx @ http://localhost:3000/_next/static/chunks/node_modules_next_dist_1gdrd03._.js:1817
[     909ms] [ERROR] ./components/screens/BoardsScreen.tsx:6:1
Error: Export ceilingLabel doesn't exist in target module
  4 | import { useState } from "react";
  5 | import type { CSSProperties } from "react";
> 6 | import { CEILINGS, ceilingLabel, setPriceCeiling } from "@/app/actions";
    | ^^^^^^^^^^^^^^^^^^^^^^^^^^^^^^^^^^^^^^^^^^^^^^^^^^^^^^^^^^^^^^^^^^^^^^^^
  7 | import type { EditView } from "@/lib/data";
  8 | import { thumbBackground } from "@/lib/images";
  9 | import Avatar from "../Avatar";

The export ceilingLabel was not found in module [project]/app/actions.ts [app-ssr] (ecmascript).
Did you mean to import completeOnboarding?
All exports of the module are statically known (It doesn't have dynamic exports). So it's known statically that the requested export doesn't exist.

Import trace:
  Server Component:
    ./components/screens/BoardsScreen.tsx
    ./app/boards/page.tsx @ http://localhost:3000/_next/static/chunks/node_modules_next_dist_1gdrd03._.js:1817
[     909ms] [ERROR] ./app/actions.ts:267:17
Error: Server Actions must be async functions.
  265 | export const CEILINGS: (number | null)[] = [150, 300, 500, null];
  266 |
> 267 | export function ceilingLabel(value: number | null): string {
      |                 ^^^^^^^^^^^^
  268 |   return value === null ? "No ceiling" : `$${value}`;
  269 | }
  270 |

Ecmascript file had an error @ http://localhost:3000/_next/static/chunks/node_modules_next_dist_1gdrd03._.js:1817
[     909ms] [ERROR] ./app/actions.ts:267:17
Error: Server Actions must be async functions.
  265 | export const CEILINGS: (number | null)[] = [150, 300, 500, null];
  266 |
> 267 | export function ceilingLabel(value: number | null): string {
      |                 ^^^^^^^^^^^^
  268 |   return value === null ? "No ceiling" : `$${value}`;
  269 | }
  270 |

Ecmascript file had an error

Import traces:
  Client Component Browser:
    ./app/actions.ts [Client Component Browser]
    ./components/screens/OnboardingScreen.tsx [Client Component Browser]
    ./components/screens/OnboardingScreen.tsx [Server Component]
    ./app/welcome/page.tsx [Server Component]

  Client Component SSR:
    ./app/actions.ts [Client Component SSR]
    ./components/screens/OnboardingScreen.tsx [Client Component SSR]
    ./components/screens/OnboardingScreen.tsx [Server Component]
    ./app/welcome/page.tsx [Server Component] @ http://localhost:3000/_next/static/chunks/node_modules_next_dist_1gdrd03._.js:1817
[     909ms] [ERROR] ./components/screens/OnboardingScreen.tsx:6:1
Error: Export ceilingLabel doesn't exist in target module
  4 | import { useRouter } from "next/navigation";
  5 | import type { CSSProperties } from "react";
> 6 | import { CEILINGS, ceilingLabel, completeOnboarding } from "@/app/actions";
    | ^^^^^^^^^^^^^^^^^^^^^^^^^^^^^^^^^^^^^^^^^^^^^^^^^^^^^^^^^^^^^^^^^^^^^^^^^^^
  7 | import type { AestheticView, PaletteEntry } from "@/lib/data";
  8 | import Button from "../Button";
  9 | import Chip from "../Chip";

The export ceilingLabel was not found in module [project]/app/actions.ts [app-client] (ecmascript).
Did you mean to import completeOnboarding?
All exports of the module are statically known (It doesn't have dynamic exports). So it's known statically that the requested export doesn't exist.

Import trace:
  Server Component:
    ./components/screens/OnboardingScreen.tsx
    ./app/welcome/page.tsx @ http://localhost:3000/_next/static/chunks/node_modules_next_dist_1gdrd03._.js:1817
[     909ms] [ERROR] ./components/screens/OnboardingScreen.tsx:6:1
Error: Export ceilingLabel doesn't exist in target module
  4 | import { useRouter } from "next/navigation";
  5 | import type { CSSProperties } from "react";
> 6 | import { CEILINGS, ceilingLabel, completeOnboarding } from "@/app/actions";
    | ^^^^^^^^^^^^^^^^^^^^^^^^^^^^^^^^^^^^^^^^^^^^^^^^^^^^^^^^^^^^^^^^^^^^^^^^^^^
  7 | import type { AestheticView, PaletteEntry } from "@/lib/data";
  8 | import Button from "../Button";
  9 | import Chip from "../Chip";

The export ceilingLabel was not found in module [project]/app/actions.ts [app-ssr] (ecmascript).
Did you mean to import completeOnboarding?
All exports of the module are statically known (It doesn't have dynamic exports). So it's known statically that the requested export doesn't exist.

Import trace:
  Server Component:
    ./components/screens/OnboardingScreen.tsx
    ./app/welcome/page.tsx @ http://localhost:3000/_next/static/chunks/node_modules_next_dist_1gdrd03._.js:1817
[     975ms] [ERROR] ./app/actions.ts:267:17
Error: Server Actions must be async functions.
  265 | export const CEILINGS: (number | null)[] = [150, 300, 500, null];
  266 |
> 267 | export function ceilingLabel(value: number | null): string {
      |                 ^^^^^^^^^^^^
  268 |   return value === null ? "No ceiling" : `$${value}`;
  269 | }
  270 |

Ecmascript file had an error @ http://localhost:3000/_next/static/chunks/node_modules_next_dist_1gdrd03._.js:1817
[     976ms] [ERROR] ./components/screens/BoardsScreen.tsx:6:1
Error: Export ceilingLabel doesn't exist in target module
  4 | import { useState } from "react";
  5 | import type { CSSProperties } from "react";
> 6 | import { CEILINGS, ceilingLabel, setPriceCeiling } from "@/app/actions";
    | ^^^^^^^^^^^^^^^^^^^^^^^^^^^^^^^^^^^^^^^^^^^^^^^^^^^^^^^^^^^^^^^^^^^^^^^^
  7 | import type { EditView } from "@/lib/data";
  8 | import { thumbBackground } from "@/lib/images";
  9 | import Avatar from "../Avatar";

The export ceilingLabel was not found in module [project]/app/actions.ts [app-client] (ecmascript).
Did you mean to import completeOnboarding?
All exports of the module are statically known (It doesn't have dynamic exports). So it's known statically that the requested export doesn't exist.

Import trace:
  Server Component:
    ./components/screens/BoardsScreen.tsx
    ./app/boards/page.tsx @ http://localhost:3000/_next/static/chunks/node_modules_next_dist_1gdrd03._.js:1817
[     976ms] [ERROR] ./components/screens/BoardsScreen.tsx:6:1
Error: Export ceilingLabel doesn't exist in target module
  4 | import { useState } from "react";
  5 | import type { CSSProperties } from "react";
> 6 | import { CEILINGS, ceilingLabel, setPriceCeiling } from "@/app/actions";
    | ^^^^^^^^^^^^^^^^^^^^^^^^^^^^^^^^^^^^^^^^^^^^^^^^^^^^^^^^^^^^^^^^^^^^^^^^
  7 | import type { EditView } from "@/lib/data";
  8 | import { thumbBackground } from "@/lib/images";
  9 | import Avatar from "../Avatar";

The export ceilingLabel was not found in module [project]/app/actions.ts [app-ssr] (ecmascript).
Did you mean to import completeOnboarding?
All exports of the module are statically known (It doesn't have dynamic exports). So it's known statically that the requested export doesn't exist.

Import trace:
  Server Component:
    ./components/screens/BoardsScreen.tsx
    ./app/boards/page.tsx @ http://localhost:3000/_next/static/chunks/node_modules_next_dist_1gdrd03._.js:1817
[     976ms] [ERROR] ./components/screens/OnboardingScreen.tsx:6:1
Error: Export ceilingLabel doesn't exist in target module
  4 | import { useRouter } from "next/navigation";
  5 | import type { CSSProperties } from "react";
> 6 | import { CEILINGS, ceilingLabel, completeOnboarding } from "@/app/actions";
    | ^^^^^^^^^^^^^^^^^^^^^^^^^^^^^^^^^^^^^^^^^^^^^^^^^^^^^^^^^^^^^^^^^^^^^^^^^^^
  7 | import type { AestheticView, PaletteEntry } from "@/lib/data";
  8 | import Button from "../Button";
  9 | import Chip from "../Chip";

The export ceilingLabel was not found in module [project]/app/actions.ts [app-client] (ecmascript).
Did you mean to import completeOnboarding?
All exports of the module are statically known (It doesn't have dynamic exports). So it's known statically that the requested export doesn't exist.

Import trace:
  Server Component:
    ./components/screens/OnboardingScreen.tsx
    ./app/welcome/page.tsx @ http://localhost:3000/_next/static/chunks/node_modules_next_dist_1gdrd03._.js:1817
[     976ms] [ERROR] ./components/screens/OnboardingScreen.tsx:6:1
Error: Export ceilingLabel doesn't exist in target module
  4 | import { useRouter } from "next/navigation";
  5 | import type { CSSProperties } from "react";
> 6 | import { CEILINGS, ceilingLabel, completeOnboarding } from "@/app/actions";
    | ^^^^^^^^^^^^^^^^^^^^^^^^^^^^^^^^^^^^^^^^^^^^^^^^^^^^^^^^^^^^^^^^^^^^^^^^^^^
  7 | import type { AestheticView, PaletteEntry } from "@/lib/data";
  8 | import Button from "../Button";
  9 | import Chip from "../Chip";

The export ceilingLabel was not found in module [project]/app/actions.ts [app-ssr] (ecmascript).
Did you mean to import completeOnboarding?
All exports of the module are statically known (It doesn't have dynamic exports). So it's known statically that the requested export doesn't exist.

Import trace:
  Server Component:
    ./components/screens/OnboardingScreen.tsx
    ./app/welcome/page.tsx @ http://localhost:3000/_next/static/chunks/node_modules_next_dist_1gdrd03._.js:1817
[   20503ms] [ERROR] ./app/actions.ts:267:17
Error: Server Actions must be async functions.
  265 | export const CEILINGS: (number | null)[] = [150, 300, 500, null];
  266 |
> 267 | export function ceilingLabel(value: number | null): string {
      |                 ^^^^^^^^^^^^
  268 |   return value === null ? "No ceiling" : `$${value}`;
  269 | }
  270 |

Ecmascript file had an error @ http://localhost:3000/_next/static/chunks/node_modules_next_dist_1gdrd03._.js:1817
[   20503ms] [ERROR] ./components/screens/BoardsScreen.tsx:6:1
Error: Export ceilingLabel doesn't exist in target module
  4 | import { useState } from "react";
  5 | import type { CSSProperties } from "react";
> 6 | import { CEILINGS, ceilingLabel, setPriceCeiling } from "@/app/actions";
    | ^^^^^^^^^^^^^^^^^^^^^^^^^^^^^^^^^^^^^^^^^^^^^^^^^^^^^^^^^^^^^^^^^^^^^^^^
  7 | import type { EditView } from "@/lib/data";
  8 | import { thumbBackground } from "@/lib/images";
  9 | import Avatar from "../Avatar";

The export ceilingLabel was not found in module [project]/app/actions.ts [app-client] (ecmascript).
Did you mean to import completeOnboarding?
All exports of the module are statically known (It doesn't have dynamic exports). So it's known statically that the requested export doesn't exist.

Import trace:
  Server Component:
    ./components/screens/BoardsScreen.tsx
    ./app/boards/page.tsx @ http://localhost:3000/_next/static/chunks/node_modules_next_dist_1gdrd03._.js:1817
[   20503ms] [ERROR] ./components/screens/BoardsScreen.tsx:6:1
Error: Export ceilingLabel doesn't exist in target module
  4 | import { useState } from "react";
  5 | import type { CSSProperties } from "react";
> 6 | import { CEILINGS, ceilingLabel, setPriceCeiling } from "@/app/actions";
    | ^^^^^^^^^^^^^^^^^^^^^^^^^^^^^^^^^^^^^^^^^^^^^^^^^^^^^^^^^^^^^^^^^^^^^^^^
  7 | import type { EditView } from "@/lib/data";
  8 | import { thumbBackground } from "@/lib/images";
  9 | import Avatar from "../Avatar";

The export ceilingLabel was not found in module [project]/app/actions.ts [app-ssr] (ecmascript).
Did you mean to import completeOnboarding?
All exports of the module are statically known (It doesn't have dynamic exports). So it's known statically that the requested export doesn't exist.

Import trace:
  Server Component:
    ./components/screens/BoardsScreen.tsx
    ./app/boards/page.tsx @ http://localhost:3000/_next/static/chunks/node_modules_next_dist_1gdrd03._.js:1817
[   20503ms] [ERROR] ./components/screens/OnboardingScreen.tsx:6:1
Error: Export ceilingLabel doesn't exist in target module
  4 | import { useRouter } from "next/navigation";
  5 | import type { CSSProperties } from "react";
> 6 | import { CEILINGS, ceilingLabel, completeOnboarding } from "@/app/actions";
    | ^^^^^^^^^^^^^^^^^^^^^^^^^^^^^^^^^^^^^^^^^^^^^^^^^^^^^^^^^^^^^^^^^^^^^^^^^^^
  7 | import type { AestheticView, PaletteEntry } from "@/lib/data";
  8 | import Button from "../Button";
  9 | import Chip from "../Chip";

The export ceilingLabel was not found in module [project]/app/actions.ts [app-client] (ecmascript).
Did you mean to import completeOnboarding?
All exports of the module are statically known (It doesn't have dynamic exports). So it's known statically that the requested export doesn't exist.

Import trace:
  Server Component:
    ./components/screens/OnboardingScreen.tsx
    ./app/welcome/page.tsx @ http://localhost:3000/_next/static/chunks/node_modules_next_dist_1gdrd03._.js:1817
[   20503ms] [ERROR] ./components/screens/OnboardingScreen.tsx:6:1
Error: Export ceilingLabel doesn't exist in target module
  4 | import { useRouter } from "next/navigation";
  5 | import type { CSSProperties } from "react";
> 6 | import { CEILINGS, ceilingLabel, completeOnboarding } from "@/app/actions";
    | ^^^^^^^^^^^^^^^^^^^^^^^^^^^^^^^^^^^^^^^^^^^^^^^^^^^^^^^^^^^^^^^^^^^^^^^^^^^
  7 | import type { AestheticView, PaletteEntry } from "@/lib/data";
  8 | import Button from "../Button";
  9 | import Chip from "../Chip";

The export ceilingLabel was not found in module [project]/app/actions.ts [app-ssr] (ecmascript).
Did you mean to import completeOnboarding?
All exports of the module are statically known (It doesn't have dynamic exports). So it's known statically that the requested export doesn't exist.

Import trace:
  Server Component:
    ./components/screens/OnboardingScreen.tsx
    ./app/welcome/page.tsx @ http://localhost:3000/_next/static/chunks/node_modules_next_dist_1gdrd03._.js:1817
[   36654ms] [LOG] [Fast Refresh] rebuilding @ http://localhost:3000/_next/static/chunks/node_modules_next_dist_1gdrd03._.js:756
[   36657ms] [WARNING] [Fast Refresh] performing full reload because your application had an unrecoverable error @ http://localhost:3000/_next/static/chunks/node_modules_next_dist_1gdrd03._.js:756
[   36716ms] [LOG] [Fast Refresh] done in 150ms @ http://localhost:3000/_next/static/chunks/node_modules_next_dist_1gdrd03._.js:756
[   36783ms] [LOG] [Fast Refresh] done in 150ms @ http://localhost:3000/_next/static/chunks/node_modules_next_dist_1gdrd03._.js:756
[   36860ms] [LOG] [Fast Refresh] done in 150ms @ http://localhost:3000/_next/static/chunks/node_modules_next_dist_1gdrd03._.js:756
[   36919ms] [LOG] [Fast Refresh] done in 150ms @ http://localhost:3000/_next/static/chunks/node_modules_next_dist_1gdrd03._.js:756
[   37223ms] [INFO] %cDownload the React DevTools for a better development experience: https://react.dev/link/react-devtools font-weight:bold @ http://localhost:3000/_next/static/chunks/node_modules_next_dist_1e8vcs8._.js:776
[   37297ms] [LOG] [HMR] connected @ http://localhost:3000/_next/static/chunks/node_modules_next_dist_1e8vcs8._.js:776
[   37347ms] [WARNING] Image with src "https://cdn.shopify.com/s/files/1/0950/9820/files/CLARO-BASEBALL-HAT_BROWN-COTTON_01_fe9b5526-0ffd-4d56-ba90-6d097bcf57bd.jpg?v=1785258191&width=400" was detected as the Largest Contentful Paint (LCP). Please add the `loading="eager"` property if this image is above the fold.
Read more: https://nextjs.org/docs/app/api-reference/components/image#loading @ http://localhost:3000/_next/static/chunks/node_modules_next_dist_1e8vcs8._.js:776
