[     134ms] [INFO] %cDownload the React DevTools for a better development experience: https://react.dev/link/react-devtools font-weight:bold @ http://localhost:3000/_next/static/chunks/node_modules_next_dist_1e8vcs8._.js:776
[     155ms] [LOG] [HMR] connected @ http://localhost:3000/_next/static/chunks/node_modules_next_dist_1e8vcs8._.js:776
[     196ms] [WARNING] Image with src "https://cdn.shopify.com/s/files/1/0950/9820/files/WOLFORDVELVETDELUXE66TIGHTS_MIDNIGHTRED_01.jpg?v=1755629985&width=400" was detected as the Largest Contentful Paint (LCP). Please add the `loading="eager"` property if this image is above the fold.
Read more: https://nextjs.org/docs/app/api-reference/components/image#loading @ http://localhost:3000/_next/static/chunks/node_modules_next_dist_1e8vcs8._.js:776
[     262ms] [WARNING] Image with src "https://cdn.shopify.com/s/files/1/0950/9820/files/PILLARMARYJANE_GOLDLACE_05.jpg?v=1773900673&width=400" was detected as the Largest Contentful Paint (LCP). Please add the `loading="eager"` property if this image is above the fold.
Read more: https://nextjs.org/docs/app/api-reference/components/image#loading @ http://localhost:3000/_next/static/chunks/node_modules_next_dist_1e8vcs8._.js:776
[    3227ms] [WARNING] The resource http://localhost:3000/_next/static/chunks/components_1gqtm3t._.css was preloaded using link preload but not used within a few seconds from the window's load event. Please make sure it has an appropriate `as` value and it is preloaded intentionally. @ http://localhost:3000/:0
[  180546ms] [LOG] [Fast Refresh] rebuilding @ http://localhost:3000/_next/static/chunks/node_modules_next_dist_1e8vcs8._.js:776
[  180644ms] [LOG] [Fast Refresh] done in 56ms @ http://localhost:3000/_next/static/chunks/node_modules_next_dist_1e8vcs8._.js:776
[  180727ms] [LOG] [Fast Refresh] done in 56ms @ http://localhost:3000/_next/static/chunks/node_modules_next_dist_1e8vcs8._.js:776
[  181139ms] [LOG] [Fast Refresh] done in 56ms @ http://localhost:3000/_next/static/chunks/node_modules_next_dist_1e8vcs8._.js:776
[  181343ms] [LOG] [Fast Refresh] rebuilding @ http://localhost:3000/_next/static/chunks/node_modules_next_dist_1e8vcs8._.js:776
[  181351ms] [LOG] [Fast Refresh] done in 110ms @ http://localhost:3000/_next/static/chunks/node_modules_next_dist_1e8vcs8._.js:776
[  183799ms] [WARNING] The resource http://localhost:3000/_next/static/chunks/components_1gqtm3t._.css was preloaded using link preload but not used within a few seconds from the window's load event. Please make sure it has an appropriate `as` value and it is preloaded intentionally. @ http://localhost:3000/:0
[  592366ms] [LOG] [Fast Refresh] done in 411054ms @ http://localhost:3000/_next/static/chunks/node_modules_next_dist_1e8vcs8._.js:776
[  592530ms] [LOG] [Fast Refresh] done in 411054ms @ http://localhost:3000/_next/static/chunks/node_modules_next_dist_1e8vcs8._.js:776
[  595566ms] [WARNING] The resource http://localhost:3000/_next/static/chunks/components_1gqtm3t._.css was preloaded using link preload but not used within a few seconds from the window's load event. Please make sure it has an appropriate `as` value and it is preloaded intentionally. @ http://localhost:3000/:0
[  612906ms] [LOG] [Fast Refresh] rebuilding @ http://localhost:3000/_next/static/chunks/node_modules_next_dist_1e8vcs8._.js:776
[  613022ms] [LOG] [Fast Refresh] done in 23ms @ http://localhost:3000/_next/static/chunks/node_modules_next_dist_1e8vcs8._.js:776
[  613152ms] [LOG] [Fast Refresh] done in 23ms @ http://localhost:3000/_next/static/chunks/node_modules_next_dist_1e8vcs8._.js:776
[  616207ms] [WARNING] The resource http://localhost:3000/_next/static/chunks/components_1gqtm3t._.css was preloaded using link preload but not used within a few seconds from the window's load event. Please make sure it has an appropriate `as` value and it is preloaded intentionally. @ http://localhost:3000/:0
[  628720ms] [LOG] [Fast Refresh] rebuilding @ http://localhost:3000/_next/static/chunks/node_modules_next_dist_1e8vcs8._.js:776
[  628822ms] [LOG] [Fast Refresh] done in 193ms @ http://localhost:3000/_next/static/chunks/node_modules_next_dist_1e8vcs8._.js:776
[  628897ms] [LOG] [Fast Refresh] done in 193ms @ http://localhost:3000/_next/static/chunks/node_modules_next_dist_1e8vcs8._.js:776
[  629009ms] [LOG] [Fast Refresh] done in 193ms @ http://localhost:3000/_next/static/chunks/node_modules_next_dist_1e8vcs8._.js:776
[  632040ms] [WARNING] The resource http://localhost:3000/_next/static/chunks/components_1gqtm3t._.css was preloaded using link preload but not used within a few seconds from the window's load event. Please make sure it has an appropriate `as` value and it is preloaded intentionally. @ http://localhost:3000/:0
[  669969ms] [LOG] [Fast Refresh] rebuilding @ http://localhost:3000/_next/static/chunks/node_modules_next_dist_1e8vcs8._.js:776
[  670038ms] [LOG] [Fast Refresh] done in 11ms @ http://localhost:3000/_next/static/chunks/node_modules_next_dist_1e8vcs8._.js:776
[  670166ms] [LOG] [Fast Refresh] done in 11ms @ http://localhost:3000/_next/static/chunks/node_modules_next_dist_1e8vcs8._.js:776
[  673193ms] [WARNING] The resource http://localhost:3000/_next/static/chunks/components_1gqtm3t._.css was preloaded using link preload but not used within a few seconds from the window's load event. Please make sure it has an appropriate `as` value and it is preloaded intentionally. @ http://localhost:3000/:0
[  680784ms] [LOG] [Fast Refresh] done in 10767ms @ http://localhost:3000/_next/static/chunks/node_modules_next_dist_1e8vcs8._.js:776
[  680849ms] [LOG] [Fast Refresh] done in 10767ms @ http://localhost:3000/_next/static/chunks/node_modules_next_dist_1e8vcs8._.js:776
[  683901ms] [WARNING] The resource http://localhost:3000/_next/static/chunks/components_1gqtm3t._.css was preloaded using link preload but not used within a few seconds from the window's load event. Please make sure it has an appropriate `as` value and it is preloaded intentionally. @ http://localhost:3000/:0
[  693071ms] [LOG] [Fast Refresh] done in 10767ms @ http://localhost:3000/_next/static/chunks/node_modules_next_dist_1e8vcs8._.js:776
[  711221ms] [LOG] [Fast Refresh] rebuilding @ http://localhost:3000/_next/static/chunks/node_modules_next_dist_1e8vcs8._.js:776
[  711573ms] [ERROR] ./node_modules/detect-libc/lib/detect-libc.js:6:22
Error: Module not found: Can't resolve 'child_process'
  4 | 'use strict';
  5 |
> 6 | const childProcess = require('child_process');
    |                      ^^^^^^^^^^^^^^^^^^^^^^^^
  7 | const { isLinux, getReport } = require('./process');
  8 | const { LDD_PATH, SELF_PATH, readFile, readFileSync } = require('./filesystem');
  9 | const { interpreterPath } = require('./elf');

Import trace:
  Client Component Browser:
    ./node_modules/detect-libc/lib/detect-libc.js [Client Component Browser]
    ./node_modules/sharp/dist/utility.mjs [Client Component Browser]
    ./node_modules/sharp/dist/index.mjs [Client Component Browser]
    ./lib/measure.ts [Client Component Browser]
    ./lib/alt.ts [Client Component Browser]
    ./components/screens/PieceGrid.tsx [Client Component Browser]
    ./components/screens/FeedScreen.tsx [Client Component Browser]
    ./components/screens/FeedScreen.tsx [Server Component]
    ./app/page.tsx [Server Component]

https://nextjs.org/docs/messages/module-not-found @ http://localhost:3000/_next/static/chunks/node_modules_next_dist_1e8vcs8._.js:1052
[  711574ms] [ERROR] ./node_modules/detect-libc/lib/filesystem.js:6:12
Error: Module not found: Can't resolve 'fs'
  4 | 'use strict';
  5 |
> 6 | const fs = require('fs');
    |            ^^^^^^^^^^^^^
  7 |
  8 | const LDD_PATH = '/usr/bin/ldd';
  9 | const SELF_PATH = '/proc/self/exe';

Import trace:
  Client Component Browser:
    ./node_modules/detect-libc/lib/filesystem.js [Client Component Browser]
    ./node_modules/detect-libc/lib/detect-libc.js [Client Component Browser]
    ./node_modules/sharp/dist/utility.mjs [Client Component Browser]
    ./node_modules/sharp/dist/index.mjs [Client Component Browser]
    ./lib/measure.ts [Client Component Browser]
    ./lib/alt.ts [Client Component Browser]
    ./components/screens/PieceGrid.tsx [Client Component Browser]
    ./components/screens/FeedScreen.tsx [Client Component Browser]
    ./components/screens/FeedScreen.tsx [Server Component]
    ./app/page.tsx [Server Component]

https://nextjs.org/docs/messages/module-not-found @ http://localhost:3000/_next/static/chunks/node_modules_next_dist_1e8vcs8._.js:1052
[  711740ms] [ERROR] ./node_modules/detect-libc/lib/detect-libc.js:6:22
Error: Module not found: Can't resolve 'child_process'
  4 | 'use strict';
  5 |
> 6 | const childProcess = require('child_process');
    |                      ^^^^^^^^^^^^^^^^^^^^^^^^
  7 | const { isLinux, getReport } = require('./process');
  8 | const { LDD_PATH, SELF_PATH, readFile, readFileSync } = require('./filesystem');
  9 | const { interpreterPath } = require('./elf');

Import trace:
  Client Component Browser:
    ./node_modules/detect-libc/lib/detect-libc.js [Client Component Browser]
    ./node_modules/sharp/dist/utility.mjs [Client Component Browser]
    ./node_modules/sharp/dist/index.mjs [Client Component Browser]
    ./lib/measure.ts [Client Component Browser]
    ./lib/alt.ts [Client Component Browser]
    ./components/screens/PieceGrid.tsx [Client Component Browser]
    ./components/screens/FeedScreen.tsx [Client Component Browser]
    ./components/screens/FeedScreen.tsx [Server Component]
    ./app/page.tsx [Server Component]

https://nextjs.org/docs/messages/module-not-found @ http://localhost:3000/_next/static/chunks/node_modules_next_dist_1e8vcs8._.js:1052
[  711741ms] [ERROR] ./node_modules/detect-libc/lib/filesystem.js:6:12
Error: Module not found: Can't resolve 'fs'
  4 | 'use strict';
  5 |
> 6 | const fs = require('fs');
    |            ^^^^^^^^^^^^^
  7 |
  8 | const LDD_PATH = '/usr/bin/ldd';
  9 | const SELF_PATH = '/proc/self/exe';

Import trace:
  Client Component Browser:
    ./node_modules/detect-libc/lib/filesystem.js [Client Component Browser]
    ./node_modules/detect-libc/lib/detect-libc.js [Client Component Browser]
    ./node_modules/sharp/dist/utility.mjs [Client Component Browser]
    ./node_modules/sharp/dist/index.mjs [Client Component Browser]
    ./lib/measure.ts [Client Component Browser]
    ./lib/alt.ts [Client Component Browser]
    ./components/screens/PieceGrid.tsx [Client Component Browser]
    ./components/screens/FeedScreen.tsx [Client Component Browser]
    ./components/screens/FeedScreen.tsx [Server Component]
    ./app/page.tsx [Server Component]

https://nextjs.org/docs/messages/module-not-found @ http://localhost:3000/_next/static/chunks/node_modules_next_dist_1e8vcs8._.js:1052
[  711827ms] [LOG] [Fast Refresh] rebuilding @ http://localhost:3000/_next/static/chunks/node_modules_next_dist_1e8vcs8._.js:776
[  714634ms] [WARNING] The resource http://localhost:3000/_next/static/chunks/components_1gqtm3t._.css was preloaded using link preload but not used within a few seconds from the window's load event. Please make sure it has an appropriate `as` value and it is preloaded intentionally. @ http://localhost:3000/:0
[  851334ms] [ERROR] WebSocket connection to 'ws://localhost:3000/_next/hmr?id=NfHcr0zrpBgAX9cUpsi8l' failed: Error in connection establishment: net::ERR_CONNECTION_REFUSED @ http://localhost:3000/_next/static/chunks/node_modules_next_dist_client_0_90u2t._.js:16229
[  852339ms] [ERROR] WebSocket connection to 'ws://localhost:3000/_next/hmr?id=NfHcr0zrpBgAX9cUpsi8l' failed: Error in connection establishment: net::ERR_CONNECTION_REFUSED @ http://localhost:3000/_next/static/chunks/node_modules_next_dist_client_0_90u2t._.js:16229
[  853342ms] [ERROR] WebSocket connection to 'ws://localhost:3000/_next/hmr?id=NfHcr0zrpBgAX9cUpsi8l' failed: Error in connection establishment: net::ERR_CONNECTION_REFUSED @ http://localhost:3000/_next/static/chunks/node_modules_next_dist_client_0_90u2t._.js:16229
[  854346ms] [ERROR] WebSocket connection to 'ws://localhost:3000/_next/hmr?id=NfHcr0zrpBgAX9cUpsi8l' failed: Error in connection establishment: net::ERR_CONNECTION_REFUSED @ http://localhost:3000/_next/static/chunks/node_modules_next_dist_client_0_90u2t._.js:16229
[  855351ms] [ERROR] WebSocket connection to 'ws://localhost:3000/_next/hmr?id=NfHcr0zrpBgAX9cUpsi8l' failed: Error in connection establishment: net::ERR_CONNECTION_REFUSED @ http://localhost:3000/_next/static/chunks/node_modules_next_dist_client_0_90u2t._.js:16229
[  860361ms] [ERROR] WebSocket connection to 'ws://localhost:3000/_next/hmr?id=NfHcr0zrpBgAX9cUpsi8l' failed: Error in connection establishment: net::ERR_CONNECTION_REFUSED @ http://localhost:3000/_next/static/chunks/node_modules_next_dist_client_0_90u2t._.js:16229
[  865380ms] [ERROR] WebSocket connection to 'ws://localhost:3000/_next/hmr?id=NfHcr0zrpBgAX9cUpsi8l' failed: Error in connection establishment: net::ERR_CONNECTION_REFUSED @ http://localhost:3000/_next/static/chunks/node_modules_next_dist_client_0_90u2t._.js:16229
[  870389ms] [ERROR] WebSocket connection to 'ws://localhost:3000/_next/hmr?id=NfHcr0zrpBgAX9cUpsi8l' failed: Error in connection establishment: net::ERR_CONNECTION_REFUSED @ http://localhost:3000/_next/static/chunks/node_modules_next_dist_client_0_90u2t._.js:16229
[  875419ms] [ERROR] WebSocket connection to 'ws://localhost:3000/_next/hmr?id=NfHcr0zrpBgAX9cUpsi8l' failed: Error in connection establishment: net::ERR_CONNECTION_REFUSED @ http://localhost:3000/_next/static/chunks/node_modules_next_dist_client_0_90u2t._.js:16229
[  880479ms] [LOG] [HMR] connected @ http://localhost:3000/_next/static/chunks/node_modules_next_dist_1e8vcs8._.js:776
[  880649ms] [ERROR] Failed to load resource: the server responded with a status of 500 (Internal Server Error) @ http://localhost:3000/:0
[  880725ms] [INFO] %cDownload the React DevTools for a better development experience: https://react.dev/link/react-devtools font-weight:bold @ http://localhost:3000/_next/static/chunks/node_modules_react-dom_0kla17-._.js:15093
[  880768ms] Error: ./node_modules/detect-libc/lib/detect-libc.js:6:22
Error: Module not found: Can't resolve 'child_process'
  4 | 'use strict';
  5 |
> 6 | const childProcess = require('child_process');
    |                      ^^^^^^^^^^^^^^^^^^^^^^^^
  7 | const { isLinux, getReport } = require('./process');
  8 | const { LDD_PATH, SELF_PATH, readFile, readFileSync } = require('./filesystem');
  9 | const { interpreterPath } = require('./elf');



Import trace:
  Client Component Browser:
    ./node_modules/detect-libc/lib/detect-libc.js [Client Component Browser]
    ./node_modules/sharp/dist/utility.mjs [Client Component Browser]
    ./node_modules/sharp/dist/index.mjs [Client Component Browser]
    ./lib/measure.ts [Client Component Browser]
    ./lib/alt.ts [Client Component Browser]
    ./components/screens/PieceGrid.tsx [Client Component Browser]
    ./components/screens/FeedScreen.tsx [Client Component Browser]
    ./components/screens/FeedScreen.tsx [Server Component]
    ./app/page.tsx [Server Component]

https://nextjs.org/docs/messages/module-not-found


    at <unknown> (Error: ./node_modules/detect-libc/lib/detect-libc.js:6:22)
    at <unknown> (https://nextjs.org/docs/messages/module-not-found)
    at Object.getCompilationErrors (file:///Users/Home/Development/App_Building/the-edit/node_modules/next/dist/server/dev/hot-reloader-turbopack.js:1410:59)
    at DevBundlerService.getCompilationError (file:///Users/Home/Development/App_Building/the-edit/node_modules/next/dist/server/lib/dev-bundler-service.js:59:55)
    at DevServer.getCompilationError (file:///Users/Home/Development/App_Building/the-edit/node_modules/next/dist/server/dev/next-dev-server.js:754:42)
    at DevServer.findPageComponents (file:///Users/Home/Development/App_Building/the-edit/node_modules/next/dist/server/dev/next-dev-server.js:724:43)
    at async DevServer.renderErrorToResponseImpl (file:///Users/Home/Development/App_Building/the-edit/node_modules/next/dist/server/base-server.js:1828:26)
[  880765ms] [LOG] [HMR] connected @ http://localhost:3000/_next/static/chunks/node_modules_next_dist_1gdrd03._.js:756
[  880767ms] [ERROR] ./node_modules/detect-libc/lib/detect-libc.js:6:22
Error: Module not found: Can't resolve 'child_process'
  4 | 'use strict';
  5 |
> 6 | const childProcess = require('child_process');
    |                      ^^^^^^^^^^^^^^^^^^^^^^^^
  7 | const { isLinux, getReport } = require('./process');
  8 | const { LDD_PATH, SELF_PATH, readFile, readFileSync } = require('./filesystem');
  9 | const { interpreterPath } = require('./elf');

Import trace:
  Client Component Browser:
    ./node_modules/detect-libc/lib/detect-libc.js [Client Component Browser]
    ./node_modules/sharp/dist/utility.mjs [Client Component Browser]
    ./node_modules/sharp/dist/index.mjs [Client Component Browser]
    ./lib/measure.ts [Client Component Browser]
    ./lib/alt.ts [Client Component Browser]
    ./components/screens/PieceGrid.tsx [Client Component Browser]
    ./components/screens/FeedScreen.tsx [Client Component Browser]
    ./components/screens/FeedScreen.tsx [Server Component]
    ./app/page.tsx [Server Component]

https://nextjs.org/docs/messages/module-not-found @ http://localhost:3000/_next/static/chunks/node_modules_next_dist_1gdrd03._.js:1817
[  880767ms] [ERROR] ./node_modules/detect-libc/lib/filesystem.js:6:12
Error: Module not found: Can't resolve 'fs'
  4 | 'use strict';
  5 |
> 6 | const fs = require('fs');
    |            ^^^^^^^^^^^^^
  7 |
  8 | const LDD_PATH = '/usr/bin/ldd';
  9 | const SELF_PATH = '/proc/self/exe';

Import trace:
  Client Component Browser:
    ./node_modules/detect-libc/lib/filesystem.js [Client Component Browser]
    ./node_modules/detect-libc/lib/detect-libc.js [Client Component Browser]
    ./node_modules/sharp/dist/utility.mjs [Client Component Browser]
    ./node_modules/sharp/dist/index.mjs [Client Component Browser]
    ./lib/measure.ts [Client Component Browser]
    ./lib/alt.ts [Client Component Browser]
    ./components/screens/PieceGrid.tsx [Client Component Browser]
    ./components/screens/FeedScreen.tsx [Client Component Browser]
    ./components/screens/FeedScreen.tsx [Server Component]
    ./app/page.tsx [Server Component]

https://nextjs.org/docs/messages/module-not-found @ http://localhost:3000/_next/static/chunks/node_modules_next_dist_1gdrd03._.js:1817
[  880821ms] [ERROR] ./node_modules/detect-libc/lib/detect-libc.js:6:22
Error: Module not found: Can't resolve 'child_process'
  4 | 'use strict';
  5 |
> 6 | const childProcess = require('child_process');
    |                      ^^^^^^^^^^^^^^^^^^^^^^^^
  7 | const { isLinux, getReport } = require('./process');
  8 | const { LDD_PATH, SELF_PATH, readFile, readFileSync } = require('./filesystem');
  9 | const { interpreterPath } = require('./elf');

Import trace:
  Client Component Browser:
    ./node_modules/detect-libc/lib/detect-libc.js [Client Component Browser]
    ./node_modules/sharp/dist/utility.mjs [Client Component Browser]
    ./node_modules/sharp/dist/index.mjs [Client Component Browser]
    ./lib/measure.ts [Client Component Browser]
    ./lib/alt.ts [Client Component Browser]
    ./components/screens/PieceGrid.tsx [Client Component Browser]
    ./components/screens/FeedScreen.tsx [Client Component Browser]
    ./components/screens/FeedScreen.tsx [Server Component]
    ./app/page.tsx [Server Component]

https://nextjs.org/docs/messages/module-not-found @ http://localhost:3000/_next/static/chunks/node_modules_next_dist_1gdrd03._.js:1817
[  880821ms] [ERROR] ./node_modules/detect-libc/lib/filesystem.js:6:12
Error: Module not found: Can't resolve 'fs'
  4 | 'use strict';
  5 |
> 6 | const fs = require('fs');
    |            ^^^^^^^^^^^^^
  7 |
  8 | const LDD_PATH = '/usr/bin/ldd';
  9 | const SELF_PATH = '/proc/self/exe';

Import trace:
  Client Component Browser:
    ./node_modules/detect-libc/lib/filesystem.js [Client Component Browser]
    ./node_modules/detect-libc/lib/detect-libc.js [Client Component Browser]
    ./node_modules/sharp/dist/utility.mjs [Client Component Browser]
    ./node_modules/sharp/dist/index.mjs [Client Component Browser]
    ./lib/measure.ts [Client Component Browser]
    ./lib/alt.ts [Client Component Browser]
    ./components/screens/PieceGrid.tsx [Client Component Browser]
    ./components/screens/FeedScreen.tsx [Client Component Browser]
    ./components/screens/FeedScreen.tsx [Server Component]
    ./app/page.tsx [Server Component]

https://nextjs.org/docs/messages/module-not-found @ http://localhost:3000/_next/static/chunks/node_modules_next_dist_1gdrd03._.js:1817
[  892470ms] [ERROR] ./node_modules/detect-libc/lib/detect-libc.js:6:22
Error: Module not found: Can't resolve 'child_process'
  4 | 'use strict';
  5 |
> 6 | const childProcess = require('child_process');
    |                      ^^^^^^^^^^^^^^^^^^^^^^^^
  7 | const { isLinux, getReport } = require('./process');
  8 | const { LDD_PATH, SELF_PATH, readFile, readFileSync } = require('./filesystem');
  9 | const { interpreterPath } = require('./elf');

Import trace:
  Client Component Browser:
    ./node_modules/detect-libc/lib/detect-libc.js [Client Component Browser]
    ./node_modules/sharp/dist/utility.mjs [Client Component Browser]
    ./node_modules/sharp/dist/index.mjs [Client Component Browser]
    ./lib/measure.ts [Client Component Browser]
    ./lib/alt.ts [Client Component Browser]
    ./components/screens/PieceGrid.tsx [Client Component Browser]
    ./components/screens/FeedScreen.tsx [Client Component Browser]
    ./components/screens/FeedScreen.tsx [Server Component]
    ./app/page.tsx [Server Component]

https://nextjs.org/docs/messages/module-not-found @ http://localhost:3000/_next/static/chunks/node_modules_next_dist_1gdrd03._.js:1817
[  892470ms] [ERROR] ./node_modules/detect-libc/lib/filesystem.js:6:12
Error: Module not found: Can't resolve 'fs'
  4 | 'use strict';
  5 |
> 6 | const fs = require('fs');
    |            ^^^^^^^^^^^^^
  7 |
  8 | const LDD_PATH = '/usr/bin/ldd';
  9 | const SELF_PATH = '/proc/self/exe';

Import trace:
  Client Component Browser:
    ./node_modules/detect-libc/lib/filesystem.js [Client Component Browser]
    ./node_modules/detect-libc/lib/detect-libc.js [Client Component Browser]
    ./node_modules/sharp/dist/utility.mjs [Client Component Browser]
    ./node_modules/sharp/dist/index.mjs [Client Component Browser]
    ./lib/measure.ts [Client Component Browser]
    ./lib/alt.ts [Client Component Browser]
    ./components/screens/PieceGrid.tsx [Client Component Browser]
    ./components/screens/FeedScreen.tsx [Client Component Browser]
    ./components/screens/FeedScreen.tsx [Server Component]
    ./app/page.tsx [Server Component]

https://nextjs.org/docs/messages/module-not-found @ http://localhost:3000/_next/static/chunks/node_modules_next_dist_1gdrd03._.js:1817
[  918967ms] [LOG] [Fast Refresh] rebuilding @ http://localhost:3000/_next/static/chunks/node_modules_next_dist_1gdrd03._.js:756
[  919430ms] [LOG] [Fast Refresh] done in 564ms @ http://localhost:3000/_next/static/chunks/node_modules_next_dist_1gdrd03._.js:756
[  919510ms] [LOG] [Fast Refresh] done in 564ms @ http://localhost:3000/_next/static/chunks/node_modules_next_dist_1gdrd03._.js:756
[  919837ms] [LOG] [Fast Refresh] done in 564ms @ http://localhost:3000/_next/static/chunks/node_modules_next_dist_1gdrd03._.js:756
[  920179ms] [INFO] %cDownload the React DevTools for a better development experience: https://react.dev/link/react-devtools font-weight:bold @ http://localhost:3000/_next/static/chunks/node_modules_next_dist_1e8vcs8._.js:776
[  920295ms] [LOG] [HMR] connected @ http://localhost:3000/_next/static/chunks/node_modules_next_dist_1e8vcs8._.js:776
[  920526ms] [WARNING] Image with src "https://cdn.shopify.com/s/files/1/0950/9820/files/PILLARMARYJANE_GOLDLACE_05.jpg?v=1773900673&width=400" was detected as the Largest Contentful Paint (LCP). Please add the `loading="eager"` property if this image is above the fold.
Read more: https://nextjs.org/docs/app/api-reference/components/image#loading @ http://localhost:3000/_next/static/chunks/node_modules_next_dist_1e8vcs8._.js:776
[  923510ms] [WARNING] The resource http://localhost:3000/_next/static/chunks/components_1gqtm3t._.css was preloaded using link preload but not used within a few seconds from the window's load event. Please make sure it has an appropriate `as` value and it is preloaded intentionally. @ http://localhost:3000/:0
