[     122ms] [INFO] %cDownload the React DevTools for a better development experience: https://react.dev/link/react-devtools font-weight:bold @ http://localhost:3000/_next/static/chunks/node_modules_next_dist_1e8vcs8._.js:776
[     134ms] [LOG] [HMR] connected @ http://localhost:3000/_next/static/chunks/node_modules_next_dist_1e8vcs8._.js:776
[    3162ms] [WARNING] The resource http://localhost:3000/_next/static/media/f06bf9da926bae75-s.p.2874ccu1_u7jf.woff2 was preloaded using link preload but not used within a few seconds from the window's load event. Please make sure it has an appropriate `as` value and it is preloaded intentionally. @ http://localhost:3000/boards:0
[    3162ms] [WARNING] The resource http://localhost:3000/_next/static/media/5f402bd2d8eef81a-s.p.40bho2kviej2o.woff2 was preloaded using link preload but not used within a few seconds from the window's load event. Please make sure it has an appropriate `as` value and it is preloaded intentionally. @ http://localhost:3000/boards:0
[    3162ms] [WARNING] The resource http://localhost:3000/_next/static/media/9433d1a810498265-s.p.1hij5ex6k3v9q.woff2 was preloaded using link preload but not used within a few seconds from the window's load event. Please make sure it has an appropriate `as` value and it is preloaded intentionally. @ http://localhost:3000/boards:0
[    3162ms] [WARNING] The resource http://localhost:3000/_next/static/media/ee9d8ff0751135e3-s.p.12ukhzf-lem3a.woff2 was preloaded using link preload but not used within a few seconds from the window's load event. Please make sure it has an appropriate `as` value and it is preloaded intentionally. @ http://localhost:3000/boards:0
[    3162ms] [WARNING] The resource http://localhost:3000/_next/static/media/21ca8f3f56c22ca2-s.p.1cp9-4nby68jc.woff2 was preloaded using link preload but not used within a few seconds from the window's load event. Please make sure it has an appropriate `as` value and it is preloaded intentionally. @ http://localhost:3000/boards:0
[   30534ms] [LOG] [Fast Refresh] rebuilding @ http://localhost:3000/_next/static/chunks/node_modules_next_dist_1e8vcs8._.js:776
[   30589ms] [LOG] [Fast Refresh] done in 6ms @ http://localhost:3000/_next/static/chunks/node_modules_next_dist_1e8vcs8._.js:776
[   33585ms] [WARNING] The resource http://localhost:3000/_next/static/media/f06bf9da926bae75-s.p.2874ccu1_u7jf.woff2 was preloaded using link preload but not used within a few seconds from the window's load event. Please make sure it has an appropriate `as` value and it is preloaded intentionally. @ http://localhost:3000/boards:0
[   33585ms] [WARNING] The resource http://localhost:3000/_next/static/media/5f402bd2d8eef81a-s.p.40bho2kviej2o.woff2 was preloaded using link preload but not used within a few seconds from the window's load event. Please make sure it has an appropriate `as` value and it is preloaded intentionally. @ http://localhost:3000/boards:0
[   33585ms] [WARNING] The resource http://localhost:3000/_next/static/media/9433d1a810498265-s.p.1hij5ex6k3v9q.woff2 was preloaded using link preload but not used within a few seconds from the window's load event. Please make sure it has an appropriate `as` value and it is preloaded intentionally. @ http://localhost:3000/boards:0
[   33585ms] [WARNING] The resource http://localhost:3000/_next/static/media/ee9d8ff0751135e3-s.p.12ukhzf-lem3a.woff2 was preloaded using link preload but not used within a few seconds from the window's load event. Please make sure it has an appropriate `as` value and it is preloaded intentionally. @ http://localhost:3000/boards:0
[   33585ms] [WARNING] The resource http://localhost:3000/_next/static/media/21ca8f3f56c22ca2-s.p.1cp9-4nby68jc.woff2 was preloaded using link preload but not used within a few seconds from the window's load event. Please make sure it has an appropriate `as` value and it is preloaded intentionally. @ http://localhost:3000/boards:0
[   35307ms] [LOG] [Fast Refresh] rebuilding @ http://localhost:3000/_next/static/chunks/node_modules_next_dist_1e8vcs8._.js:776
[   35360ms] [LOG] [Fast Refresh] done in 4ms @ http://localhost:3000/_next/static/chunks/node_modules_next_dist_1e8vcs8._.js:776
[   38345ms] [WARNING] The resource http://localhost:3000/_next/static/media/f06bf9da926bae75-s.p.2874ccu1_u7jf.woff2 was preloaded using link preload but not used within a few seconds from the window's load event. Please make sure it has an appropriate `as` value and it is preloaded intentionally. @ http://localhost:3000/boards:0
[   38345ms] [WARNING] The resource http://localhost:3000/_next/static/media/5f402bd2d8eef81a-s.p.40bho2kviej2o.woff2 was preloaded using link preload but not used within a few seconds from the window's load event. Please make sure it has an appropriate `as` value and it is preloaded intentionally. @ http://localhost:3000/boards:0
[   38345ms] [WARNING] The resource http://localhost:3000/_next/static/media/9433d1a810498265-s.p.1hij5ex6k3v9q.woff2 was preloaded using link preload but not used within a few seconds from the window's load event. Please make sure it has an appropriate `as` value and it is preloaded intentionally. @ http://localhost:3000/boards:0
[   38345ms] [WARNING] The resource http://localhost:3000/_next/static/media/ee9d8ff0751135e3-s.p.12ukhzf-lem3a.woff2 was preloaded using link preload but not used within a few seconds from the window's load event. Please make sure it has an appropriate `as` value and it is preloaded intentionally. @ http://localhost:3000/boards:0
[   38345ms] [WARNING] The resource http://localhost:3000/_next/static/media/21ca8f3f56c22ca2-s.p.1cp9-4nby68jc.woff2 was preloaded using link preload but not used within a few seconds from the window's load event. Please make sure it has an appropriate `as` value and it is preloaded intentionally. @ http://localhost:3000/boards:0
